7
()
#f
(1 2 3 4)
10
7
9
-3
63
(1)
1
(2)
1
#t
#f
#t
#f
#t
#f
#t
#f
#t
#f
#t
#f
#t
#f
#t
#t
#f
#t
#f
#t
#t
#f
#t
#f
5
5
5
(1 . 5)
(1 . 5)
1
5
7
8
7
7
7
8
7
#t
#t
#f
#f
#f
#t
#f
#f
#t
#t
#t
5
100
7
7
7
7
8
9
10
10
15
20
#t
#f
187
15
(51)
(5 4 3 2 1)
120
10
5
16
65
64
38
7
4
20
#t
(1)
21
55
11
5
35
#t
#t
486324
486324
3628800
89
35
120
9
(1 2 3 4 5 6 7 8)
#f
(5 . 4)
69
(1 2 3 4 5 6 7 8 9)
(0 3 1)
#t
(1 2 3 5 5 8 9 5 5 7 7 7 8 9)
5
3
120
((1 . 2) (3 . 2) (4 . 3) (5 . 3) (2 . 1))
120
RuntimeError
RuntimeError
RuntimeError
RuntimeError
