878349920
-106266436
-1329358169
-483390563
-179336401
-543231434
-1873714843
-564465402
1115745524
-2016773391
-657386078
1398609575
-920160491
126019730
-1071692110
1108489338
1549397646
260517920
574585718
1348921141
-1110798788
-88809327
1817275814
-1159978758
-1872631207
1282415734
-1132775413
-1531273323
733014822
-993418643
370711304
1524119356
-1886043619
-272004245
1873172061
-1932743767
745046409
-389801800
944825050
1800918700
879322527
-673428868
-383432836
-1947741765
118764781
-789799277
1470093144
1015440241
486067887
-1010272230
1085052802
-825296613
-1656045527
-284779572
-1748929689
701968370
952906291
-1661655998
823374609
-329283405
1192864190
-671062527
-725464036
-10709610
72588826
-676082570
-1121372039
-1620661397
757745261
-536740349
-1035046798
1146607505
-1125735750
860021918
-1766653444
863857022
1403493796
-1590550708
-472515667
-1952143484
1308558674
-799933667
1921451420
-477862469
1637554897
-1845727732
-1192673453
1210841877
1607484556
978218146
-1588301210
299878186
553168481
812508226
1528122442
-292339174
259886997
-1542232870
402270858
-1505196499
1588319784
1169618103
1129088201
931028294
-1735541947
-501285044
206924936
3799227
737492287
607029771
897262177
376442075
-1619050238
1744441248
1832377671
1497350422
1124740374
22783410
-1374164034
1993892876
-1622947269
1764842727
1266364591
43422375
-1897119188
1188911187
-285358138
1461666981
-636581812
-557422465
1743232836
2024704912
-484648482
-1174699951
-278539117
-213838406
-312512678
2037232626
1139277094
392127137
-1703774327
1761515128
-1604623848
1584129040
2129391804
-1108040850
-1471547936
897720880
2083094027
-329952487
1662370078
1773239052
-1269817376
1445422592
-1295060629
-1962910518
-1447916724
-1248036400
882162225
-512452397
1542303446
1962347302
-1177086059
909791716
-1470222012
-1888803023
1165564711
-494474103
770412142
1486569254
1726012020
-1479453691
-271015740
1900160505
571855600
-125192884
-84538451
437379339
-812539467
-451503317
1484334485
-338736563
-1150533973
1650655592
75245497
2076084008
-848342866
786093550
921487032
188735069
-753613168
-133990356
-55767103
1276562462
-589772199
270629704
1638026571
-859519235
-965261712
-793888895
2111587005
-1714045542
-534736113
-504889230
1726653950
-1139086585
-1437968974
1718560499
-502653747
-328574016
587812317
-74186212
-1725637358
-490437693
102476292
1453232022
-214615920
997079096
-1109137434
358811600
1344017772
649262660
-748671289
-333700767
-62718978
-1063955605
-1664409825
1904049227
-1720782407
1354315968
2043746361
-152734860
1344588879
-1310235944
-2034821567
116567613
195209742
213836820
-1942889668
-1720069875
-287331519
-405632523
-1830175302
-1777383975
-371931100
1701498024
1460451603
-1338335834
-1490670670
-1957774977
-37841213
491929570
1078351655
-1149927959
-1799051743
1736871424
-279968512
-836938132
-664589989
754360253
-1840947322
-1375612205
-838291260
1519613077
-1305994342
-613345849
610195854
-517152299
-1081635858
-976594201
-1197535136
-1492184923
-1752379173
-1776166892
1500514454
1864279548
-874685438
312278390
-342697730
1108419929
-1563026041
743602932
-573797898
1211609014
-2094036437
1160876247
-1018783075
-939959561
1998866072
-870882756
-726808251
971653554
-77149533
183289457
2142025426
-1589972726
1486310441
-1680682783
1900928069
-121693253
411388634
2006379468
2093029717
-669648566
-1357058752
-185879578
-160673457
-1884023145
-656694946
-916292161
-997211194
932568279
-1412598874
415723835
-580205382
-2037299130
-1411093649
-2130615417
1769786723
892260779
-175056310
-1827459522
1175569021
1372369593
-81886420
1818474874
1024274813
351616994
1335298269
-1079903773
-1637558228
1852672053
207069280
-1775709681
-1452264128
706091853
1943920834
642602919
-367690031
-45090461
-897536022
993848508
1958823004
186860687
1077215038
-1045026037
-1529483528
1658157302
-2058371980
1460585767
-889801763
-99216146
-133197019
372807464
-418339689
-1708043750
924316283
-792798080
-29799653
1907664382
-1982726037
1657111447
-656199151
-662249524
-1951000528
1086963243
28887416
851115230
-974475114
615507819
-1047604729
79587549
-859970922
-1481542927
519196414
286135827
-1513788162
691721386
1779185634
-133174542
1552616911
2127477009
-649185201
938821812
618325453
895517042
-1916124618
270875536
1249407410
-491122849
-1756277287
-1476765157
298394732
-1395646350
911376708
-1617575682
-2071262990
993843789
766846062
-365129070
-706789419
-1860324029
-1469524459
-1877737489
2111060336
-1017677038
-425415626
-345840110
-663810355
-1247037023
1804264829
-1744769241
-1809449985
-1403994502
1958892551
596747138
-568768511
-909678835
-1147992251
-401384974
1950172008
-542381969
1106423693
650940961
-31521966
351752344
-428931469
-559675454
1352911058
1257100343
929482471
1639679103
-1081996307
892059626
1682055480
-38838163
-1387660472
447703307
-1579419689
-1858713025
-678202728
-1722333310
-1703440193
128363924
1431188615
1987438151
-253505873
-2017008117
894115489
-709159107
-102020496
-1521222017
1035562781
-1036780479
-497007762
765105540
1516249245
-1147583146
1300895395
1856156682
505993500
-1579300271
1729812916
566936328
-557057535
225343914
488520371
-1043230396
-1555131333
832072433
-395436985
958485444
-422529491
-1068078812
2083093902
-545983879
-477616203
-1318761144
1314981513
-1744022448
819342844
1377808058
-1319506960
-523655416
869638524
1116762223
-783204805
1845157676
-416657242
-1869490236
576517775
-76980457
-71981849
247658235
-1888959227
-199154980
1176790969
-66199125
1583707114
626483614
957175971
-1832301813
-1694626337
-1589889370
988989425
-1013865163
-1079729805
-1505513865
-1970832945
2015508088
1527083777
2115857390
-450576535
373600575
2139025723
-2106800268
-423608968
-1481433436
-981766436
1619016950
-201504369
1678674828
1811180720
1220777964
-817541855
732159918
-8713607
-1508877294
1833324934
-424539007
1730500761
1650487933
-907183480
-2094343593
1983391197
66176646
-1459621389
1472839610
169101476
-217816033
-2093879445
1612035944
-1949513196
-225224444
-1919306880
-1016028133
1482853687
664929278
93268366
-1773400925
1683435334
784719781
-1188536112
-1363977158
-711599546
915642891
-1975463654
-99013189
1372783652
1596916061
-1716964905
1903616584
-1811802498
-1751561397
-1496988107
253389447
-1726780914
-1636902961
520890856
-910090126
-510906601
-1395693864
-1955648080
496645194
2123375604
1327965848
-1149105442
-1100222817
-1306423620
-1029861059
539591085
-1339993428
-1307406355
626434692
1508031071
-687582066
1709982701
582548253
-557204717
-334626166
204874334
-1425314143
-192582424
-260939146
-803748506
-1207529517
1638426223
1624745654
-657120421
2049261014
-1873174920
2056173601
-205893726
1332310881
-1499589377
905234215
-727661207
1751256725
-96726827
-1462838160
-849841139
-294135665
1403491256
-120064399
-495348368
-163682932
1014990663
-619073620
2024261768
-300127077
338118290
-288616073
-98621417
1066927019
1280134823
273087914
615831248
1455924443
1514887184
759067864
-399701904
-248185146
-1695100127
-1736388727
957243452
655935259
-1746629436
1236603482
-405631238
-121226959
1769964191
-1086163005
1482605343
1583540165
-71228237
1453095143
1743406613
1724988403
1567253357
1041455607
-199962372
159417645
502386873
492225207
-693634299
531292524
-1660714881
-205416879
-1154991262
1081529844
1030287385
-811342516
-614693769
676285950
-1233770921
-1162231318
-939458672
2041067202
-668653016
1820216583
-1235043623
-170321751
-726193031
452749645
857923322
1797339011
1205200998
-434351174
1002762090
108824050
-155227631
424400225
2103307975
-1209039906
1484873765
1370633999
1889392552
189960731
-1248507080
-658076493
-1956334683
-1750518085
694273402
311953514
670630226
-81947311
-537661692
1208785744
-1374929999
2080845892
-777833519
1289185486
-1701794556
225367957
766745615
184564077
128506222
-1424284670
-1097660376
-1910598067
-2058242520
2058611895
243882761
1108719547
-1300519300
-714773043
657010085
1236344808
1427470458
-2052716576
-879207210
659455381
1338513017
-2106407513
1887899991
1938124836
719058010
657242737
-1846668291
-1353208830
1757519029
1568863695
-2094162315
-742713650
-233752162
1379560706
1398750620
-830123827
-1670936738
1340013697
1907301656
1228358536
-1490725154
1926369852
825232221
1283621136
-715618208
1947443579
-535786913
1844228210
741519844
-767997611
-386955004
-24291469
2005722400
-1610944152
-1057387829
-2081130223
1273441795
215314731
475335947
-551237170
1551222468
-77753285
-222702234
-1086718639
-1715402683
-31354707
1061986284
1877209354
-1772242543
1160467635
-284353252
1815101550
1622209328
368495263
-1864053480
-844947476
1508893935
-240025402
-982187749
356846138
1522228974
992946976
-1091221989
375203189
1707836076
1213948060
1719887870
-148630900
868372317
-144565804
1144144669
264170931
675747530
2135983728
1397215021
-815252697
-1197771099
320351913
1492886773
-689695064
-99464017
603528591
663068194
-701297022
1632220783
-624671111
-1809840064
-1820075521
1601863979
1508492870
220068680
470876979
-1559916451
-995257345
-1854919660
1459224661
1339856930
-1674629368
-2049646644
-404304014
-28902385
1113649966
-1321576314
-1248894507
-1519861845
-504805306
-770805127
436935053
-832980891
-1261123499
1291632287
-10602991
-1085287636
1124498263
790728534
987958744
900008009
1910107808
1039394325
953636533
-923067077
-1033832735
-1673195195
-1972990484
1566267198
1740015059
546333488
1384592651
368150958
-1109023160
332104329
-121884850
-1417995908
-1876452353
987721449
-222427319
-534894104
-925917785
458601604
1769806
585963498
1156361004
967920799
-848647083
1359752241
-2023249921
-1436444318
1982537809
2013964146
2030245411
-2122671453
-1267676307
-1151056034
-173639383
415827542
1002990838
2021804336
-716033627
-1102239166
109062512
1522946089
-499358259
1896137234
1704463406
-942163309
677326450
-1578138107
-929709097
-2025111312
247403997
1037234773
-264686100
1095218466
1201664902
-2124370633
-1482105215
-424633291
-592912295
-34893073
444379612
-1733712964
-2053979635
-1033352922
1708443122
1643289403
-583468284
-1370576733
1993327295
1962113521
431036459
-1081211374
-1694776795
391960180
1228178370
-1877164862
-2030406711
-618416001
960058016
-778827550
-1244940940
-1952788662
-2024162004
1118583495
562991058
1939457028
2003671410
2095976740
357292271
169335001
556770145
635735064
-836064707
2057652670
-1694337058
-1786120637
-543510565
1103623157
1175047244
1115441241
1477770754
-1033522358
1330715931
242522557
-1051397733
563757777
1770344739
-1216667942
-1942549303
-1479697088
718756774
1999266137
1993437951
-1202140056
-1824299036
-296889443
-802799943
-922046815
531141706
-2016260216
-841866357
480612887
290103522
171683376
-1979223150
-1068845801
-1095504122
1307047661
-1306706128
-1530546637
-1177912628
406216708
1247115464
-1689882794
61285011
1767256345
1965067384
-486621001
1305239860
-700035001
-1244785802
1090808776
-1317973420
-1841329101
979604310
-240852578
-113018486
-952502116
1637687937
-1846680238
410184036
-1201656991
-1936103564
727673460
-789080273
207616407
-857643316
-319683134
1519431416
-671407547
1604309221
-883521750
-290159136
211716828
368304042
1022891522
-1134840948
538873743
-1163272188
538018220
1163596174
2049572738
-896408134
1649313708
-514026014
-1073673691
332190564
-1761907590
1592894543
-116298821
458168119
1659402030
1618658106
-1345302384
1237592440
-475882118
-2047166801
-72041541
-688588122
-42642436
99583199
375168729
358863223
-929806281
-307866920
112233980
-1570790202
-1865314390
356247533
-994470729
1513304714
-1837750555
-1667020366
-1444127904
1411771639
-39575150
2050635343
1621341161
-1762721466
1796302458
-571234038
-76279354
1598598002
-576830701
927281129
1384209599
1145964474
-1018166226
-2110739409
1949237503
314097008
854909044
-1127162286
-342794025
49866066
817558258
1181146370
276421143
1668917606
506957065
1680091511
-145783127
-752963771
1891778696
699832157
51964215
-1572492063
-1089052343
1685607495
-1447617716
758755068
1626363929
-1493733998
-2008436640
994772073
1055027888
-965059116
-872479105
1954198989
-394672506
-6956758
-195318274
-1497456344
748157067
-2142080575
-683816045
-602681217
123391191
844608611
-1701169877
1559309323
-890013712
434188361
-189289562
-1362573608
1198636345
684052136
-681003078
-432036955
1445375803
2140168982
-1995487967
-1505933332
276885395
1239913765
-1031875182
1022697477
1424359595
-385962672
2132911474
252218861
-1791520499
1445903225
-111142359
-462204484
2077311776
-311569070
898147451
-698905248
-1623352545
567057658
882085856
-1110212512
-1321817664
-2076479368
411206281
2047335432
2123623638
-259429538
-1763122373
-1869296847
-1415148048
-83568057
-1048353165
-1600735754
-540402371
-318726577
2098301204
508094526
-1853800783
-277597688
2108580648
-1653389087
-1220485335
-1460717101
-1774558529
-1718812591
677304583
1428925850
-1980613503
1182959536
1318155293
1194101768
-873624456
1115227467
1078549816
712313828
678641989
-1567067000
-1652102269
1964187539
-724221605
1330207197
1645279914
1805729345
-1656676544
1800745321
1491039949
-131169012
1145411105
-1684032943
-1279389254
1606024072
-1589170771
-1333937556
-718876542
-1599894732
-1264895052
690841020
-1746557212
-320679856
-1627502784
1258653799
2120802281
-80559098
-1333145505
-1458545781
-1193637938
650410127
-987812693
1433896231
1125728032
1143659092
469005574
1872085274
1401811392
-71523485
122136929
-1234004937
1428364488
1843339033
563897551
-1882967446
-1925866577
1073317829
-1683977819
-1830943005
1301892395
295430595
1944990388
1452014024
-1497979151
-251818199
873614581
1159090889
-1948101780
-1037026905
-388379606
-1917253493
-1189194784
2133878043
-1434652458
-406889560
1939690620
14595040
1289016467
897444738
-942933727
836414975
-1897152594
1488198108
-1132412142
1158752324
-741516990
-1924088905
307523621
-1919268833
-1923479263
-21424535
-612936337
-226182569
385201901
-524302226
-308469800
-1162849172
2043247759
-1653786451
326588352
170422752
-2091686823
-520080217
1560595842
-286459131
-1902586827
-147755718
-2145721337
-436700053
480966008
2001279262
1679041836
-5902391
-1204087292
-1154420560
866527428
-2045929561
-1325875215
1558535636
48253046
-1501543820
1951920706
-1035397044
2117390266
-2119723152
-1397044804
295159802
-786158987
65505605
2137295863
28987961
-1989954249
-184195856
736177188
-1583262819
174566139
-1531249778
-818850856
-1282991074
-545688163
-454178436
-822856775
2068343216
-1093405956
-404079157
-1224758733
373871469
-1076346792
634046433
569852328
227697036
-1701351429
-1685179730
343992911
-536824830
1058354623
1079980388
1701695288
-198763472
2100313585
-2053849399
-138789942
1903172081
-766913488
1259160429
1108178584
564579479
956151544
-530073864
807298601
-1481251702
-1236291574
2012830828
-219775636
-1322228732
1640278630
-981046119
1094672683
-453295418
658193084
1378576017
-1610057766
1480907997
312933428
341041243
1083986215
-449928250
-1569225725
1681701199
1711943181
-1818434254
1467355068
1067952913
1204802468
1472889152
-1795183443
1226315198
1648518681
-2060960339
1941690964
-1775049330
893835541
14444844
-1509513768
931167987
-203255281
2041091408
120329876
671893521
-144070307
-1970280266
-241575375
1813325367
1418291696
-1622103658
-1028767074
-1912763587
-779187203
102479047
703820401
1767390095
-1058591883
-161090832
1935822830
1074026711
2056620573
-1649882588
-1214203827
-1045829439
395267561
-1486290721
819129033
1042795440
768033748
1193177007
-186364627
1338603536
-607002956
-1983847104
-329765273
-1332162664
1159838749
690266284
534122132
1807974808
-1384849486
-1141262164
746132823
1572443094
-1815637837
829278694
712839676
1025495193
249063602
-580717831
-456343528
323494453
1952056781
753040331
-548487678
-440080293
2106939626
-795973334
1165264672
1031438482
2006538027
750353426
1475164751
-299123417
1477228570
-556807001
354442728
-1359001123
639798352
892112038
894391051
-765577814
1300246531
-2103226651
728571489
-217663491
1412217825
-75778001
-1010165376
466314727
1701512255
2051839838
-104262650
1144575696
252872623
423307373
-773099270
-822284934
-2042923844
-1166545493
-1060561490
-671113423
5115349
1218649383
284052712
1404909735
981203344
-1421268030
1890532654
-1106509990
-493837331
-1764500002
-1377917474
2084767508
1888459036
13778222
-1852873960
82315196
-1646692652
2099181702
211503764
-1475299200
548269116
716195602
1535506941
2088196508
166278735
-263389685
-1320022122
1829875524
578704458
1943422022
-1479186534
-1152014160
1991696660
592879262
-596982593
-639282295
1084036005
-693073053
-1527187518
1330606122
-1075009625
1527741057
-1009726645
-503738041
1268642735
981649128
-1184295008
355532253
1463449993
1023902041
55643818
-2108370608
2144672820
-1053406939
-871683003
563126901
51107618
-1074443921
1451202675
-966596406
-1313769582
-663922605
-159331132
-101779994
841283312
-1469391725
1614204706
-1777516795
263419415
1037830894
-1117256845
1894935139
-1102476985
-1900102237
403154992
-1707887734
216573
551427463
245907354
-87796613
461841390
-2016395001
630171541
627813133
2074698168
73725902
-1939058753
83401696
-2074433991
1853635997
-2029855300
789314245
-1371531696
-1242973383
1302832422
-1247326875
-896552623
263420136
-835032262
-169422407
-846131474
1441945426
-168158023
1904162934
371276014
-1031547495
1525470559
1067002761
1005806274
-563602401
1048308123
-1975348984
775278018
13673396
712298742
129187936
900551140
-323367149
-903566504
-1193883620
1682754195
-2023098280
1018704831
2069592000
1395813611
-849929690
1023573473
229671411
-1387363741
-1558710983
822618865
1695393137
-824954242
-21592403
-1249995905
-385363393
1232933321
-1112061864
113232403
-1238440643
771094589
-1981542425
-937392403
610725854
-2121427482
-1610666086
-1554880669
-1614353161
-1704698713
1917425726
1637340303
-385057143
842113087
-2016631031
-371109596
-264362493
1497922496
1446967027
-2101491296
-1843746894
746741574
-713479304
-1731404884
-384516419
-2123940970
-1097931210
-395149623
-2055122005
1851114329
1051974266
120855431
697205487
1243774575
-1226582475
-1810365107
-1380972932
1359991173
1393313044
-47265687
9126650
186668004
-1350945802
-854473206
-2056960377
579973137
173001882
-2142999533
2040061743
-1571651762
-435129705
-1812996895
812409980
1531468361
-1305411969
-1133994132
2062074418
2066084048
-1076686082
620936264
-1930944601
-1721525425
-174425754
-25950115
-447585793
-316420595
230612927
48629419
640891938
-292051843
-1349299094
1854450261
750291485
-1918353690
-496676806
-1408734734
1045409905
-1382031842
269869232
-145082088
-1248602461
974949058
650960720
2029095727
768946275
1216069462
-265144546
-342027694
-1807910774
1973645034
-939808852
1905122879
1114148688
538235097
1341867681
-647177039
1946787842
565096145
1657087520
-1867898140
-1287192689
-1003727540
939620347
305750345
1294961879
-709125595
-2075204468
-1934513217
-2123503205
-1924977283
1600892907
1725140279
-1959088620
334902880
1424507656
-902707811
-2024989980
1932903312
434567817
-227029731
1749989030
1434277515
-1721159642
-457704152
933941817
-866639500
711018702
1736519073
1746364269
821509397
-1280663431
115161805
-298804924
-2036579734
1344641485
318428652
1326814033
-2083889521
816855074
-1356129675
1862783246
840685207
551162558
1956102584
-206960150
-866909568
-1566081361
81095650
404957899
293678570
-486563186
-1195735308
1588303583
798226011
-478125210
-169589144
-1992616113
-1395469791
-992048022
986650146
-1197904526
1278680340
-829369976
-1844589181
-1137918355
868949339
1929406373
1357824299
1470926882
1593181202
962422148
462871519
1783183970
1652589325
862069001
-785830313
-1067542020
1794840774
-1176316912
-267457801
-1765696009
-1250751689
1068578028
-1036734015
1226741212
751109356
-1988030792
302964503
-1050966506
747149223
-756236965
493430229
-2029892130
752617792
1147175824
-2338832
-578757855
-1089478421
-1780054234
1859722464
2001898310
954052615
800616488
1835075992
1893336157
711554007
-1564010096
-282134466
1016088133
2072653479
193693460
1999815954
831069232
-1375110312
135313645
-1149375674
2019842560
-576903731
-2035696850
1964118607
-866472464
1402544036
-1198083031
1949402746
1878276115
1012905918
984564776
848798181
1083274663
1362957804
1742958890
-1651571232
2067201242
1099197191
76634232
538683213
1732901537
348465415
1018768841
1746933661
-280223732
1385786411
-967959261
935098348
-1074741832
546446349
663529552
474804273
-340052560
2007077578
-2033743802
116669004
2077018354
1642893812
-1816386470
-233196728
468411783
586694548
-1452780229
384549229
-716267971
-37892560
1104647564
-1926212732
1064874644
-1577886012
-750062199
-1346691212
689945243
1628089340
44513054
-1916418229
1258289454
1446131719
1273626932
-1628507848
-847312827
594601801
2095164551
1896091780
804820375
-273899956
2134136624
696366726
1932463012
-1840636348
1969132490
663541134
230971217
1639360599
-1034029241
1163182781
219646054
-1993531333
-1367508826
1574134657
1970351893
-1015244569
-29004166
857708281
303261850
2116577727
-207532494
1662594200
-1765896103
-1133535667
567952808
-68411426
-655120881
-662630494
1111906268
-718490514
-574174832
594180724
-170388984
216476011
1918853640
1138027513
503577826
-1464227896
1175361597
-391287242
-1913962434
353762371
-794168748
799902055
-1701597931
1445227094
-1489725893
129449519
-1151473053
76409105
-315567145
573706591
-1618264381
138799420
1113095500
-1107727174
336423349
2007548065
958914839
-446226903
1653264585
1085393438
-1908745499
-2090778383
562806908
-1112358423
-1592998821
-1764351262
945167681
1331040378
936091017
-320607562
677623038
-990822475
138299012
2031730425
1141471108
514189805
739608587
-2040403807
-368855070
1084770997
541209282
134584736
1256946104
916674306
-1488727567
1569400315
2066459073
632568456
372775056
116781662
-1288897717
-997986507
460917907
-199272803
635252309
695421216
713821914
-1738800494
431114291
-854464519
-1345963508
2142913810
-347985617
-152008295
2092693514
1460663011
1115761400
96433146
767619098
-1771491066
344715472
-159747746
-1849054228
1977609111
1778187964
343368023
34887091
1292764707
1373449329
-227361285
832824450
